Warning: You are sending unauthenticated requests to the HF Hub. Please set a HF_TOKEN to enable higher rate limits and faster downloads.
Loading weights:   0%|          | 0/199 [00:00<?, ?it/s]Loading weights:  80%|████████  | 160/199 [00:00<00:00, 1596.79it/s]Loading weights: 100%|██████████| 199/199 [00:00<00:00, 1664.09it/s]
[1mBertModel LOAD REPORT[0m from: sentence-transformers/paraphrase-multilingual-MiniLM-L12-v2
Key                     | Status     |  |
------------------------+------------+--+-
embeddings.position_ids | UNEXPECTED |  |

[3mNotes:
- UNEXPECTED[3m	:can be ignored when loading from different task/architecture; not ok if you expect identical arch.[0m
Loading weights:   0%|          | 0/105 [00:00<?, ?it/s]Loading weights: 100%|██████████| 105/105 [00:00<00:00, 1725.17it/s]
[1mBertForSequenceClassification LOAD REPORT[0m from: cross-encoder/ms-marco-MiniLM-L-6-v2
Key                          | Status     |  |
-----------------------------+------------+--+-
bert.embeddings.position_ids | UNEXPECTED |  |

[3mNotes:
- UNEXPECTED[3m	:can be ignored when loading from different task/architecture; not ok if you expect identical arch.[0m
INFO:     Started server process [7740]
INFO:     Waiting for application startup.
INFO:     Application startup complete.
ERROR:    [Errno 98] error while attempting to bind on address ('127.0.0.1', 8000): [errno 98] address already in use
INFO:     Waiting for application shutdown.
INFO:     Application shutdown complete.
